// Vitest Snapshot v1

exports[`< /> > should render content 1`] = `
.c0 {
  max-width: 120rem;
  margin: 0 auto;
  padding: 3.2rem;
  width: 100%;
}

<div>
  <div
    class="c0"
  >
    <h1>
      text
    </h1>
  </div>
</div>
`;

exports[`<Section /> > should render content 1`] = `
.c0 {
  max-width: 120rem;
  margin: 0 auto;
  padding: 3.2rem;
  width: 100%;
}

<div>
  <div
    class="c0"
  >
    <h1>
      text
    </h1>
  </div>
</div>
`;

exports[`<SectionContainer /> > should render content 1`] = `
.c0 {
  max-width: 120rem;
  margin: 0 auto;
  padding: 3.2rem;
  width: 100%;
}

<div>
  <div
    class="c0"
  >
    <h1>
      text
    </h1>
  </div>
</div>
`;

exports[`<Select /> > should render content 1`] = `
.c0 {
  max-width: 120rem;
  margin: 0 auto;
  padding: 3.2rem;
  width: 100%;
}

<div>
  <div
    class="c0"
  >
    <h1>
      text
    </h1>
  </div>
</div>
`;
