// Vitest Snapshot v1

exports[`<SlideItem /> > should render slide item 1`] = `
.c4 {
  color: #FFFFFF;
  font-size: 1.2rem;
  text-transform: none;
}

.c1 {
  width: 100%;
  height: 30rem;
  border: 0.1rem solid #FFFFFF;
  border-radius: 0.4rem;
  box-shadow: #070707 0px 12px 12px;
}

.c3 {
  color: #FFFFFF;
  font-size: 1.6rem;
  text-transform: uppercase;
}

.c2 {
  position: absolute;
  bottom: 0;
  padding: 2.0rem;
}

.c2 > h3 {
  position: relative;
  top: 0.4rem;
}

.c0 {
  cursor: -webkit-grab;
  cursor: -moz-grab;
  cursor: grab;
  position: relative;
  width: 90vw;
  -webkit-flex-shrink: 0;
  -ms-flex-negative: 0;
  flex-shrink: 0;
  -webkit-flex-direction: column;
  -ms-flex-direction: column;
  flex-direction: column;
  padding: 0 0.8rem;
  border-radius: 0.4rem;
}

@media (max-width:768px) {
  .c1 {
    height: 15rem;
  }
}

<div>
  <div
    class="c0"
  >
    <img
      alt="text"
      class="c1"
      src="img.jpg"
    />
    <div
      class="c2"
    >
      <h3
        class="c3"
      >
        What is Lorem Ipsum
      </h3>
      <p
        class="c4"
      >
        There is no one who loves pain itself
      </p>
    </div>
  </div>
</div>
`;
