// Vitest Snapshot v1

exports[`<TextComponent /> > should render a text 1`] = `
.c0 {
  font-size: 2.4rem;
}

<div>
  <div
    class="c0"
  >
    Children
  </div>
</div>
`;
